
> @prc/art-direction@1.0.0 build
> npm run build:inspector-panel && npm run build:core-featured-image


> @prc/art-direction@1.0.0 build:inspector-panel
> wp-scripts build --source-path=./includes/inspector-sidebar-panel/src --output-path=./includes/inspector-sidebar-panel/build

assets by status 7.35 KiB [compared for emit]
  asset index.js 7.11 KiB [compared for emit] [minimized] (name: index)
  asset index.asset.php 248 bytes [compared for emit] (name: index)
assets by status 718 bytes [emitted]
  asset ./style-index-rtl.css 359 bytes [emitted] (name: ./style-index) (id hint: style)
  asset ./style-index.css 359 bytes [emitted] (name: ./style-index) (id hint: style)
Entrypoint index 8.06 KiB = ./style-index.css 359 bytes ./style-index-rtl.css 359 bytes index.js 7.11 KiB index.asset.php 248 bytes
orphan modules 227 KiB (javascript) 937 bytes (runtime) [orphan] 340 modules
runtime modules 3.07 KiB 5 modules
built modules 16 KiB (javascript) 358 bytes (css/mini-extract) [built]
  ./includes/inspector-sidebar-panel/src/index.jsx + 19 modules 16 KiB [not cacheable] [built] [code generated]
  css ../../node_modules/css-loader/dist/cjs.js??ruleSet[1].rules[3].use[1]!../../node_modules/postcss-loader/dist/cjs.js??ruleSet[1].rules[3].use[2]!../../node_modules/sass-loader/dist/cjs.js??ruleSet[1].rules[3].use[3]!./includes/inspector-sidebar-panel/src/style.scss 358 bytes [built] [code generated]
webpack 5.106.2 compiled successfully in 3242 ms

> @prc/art-direction@1.0.0 build:core-featured-image
> wp-scripts build --source-path=./includes/core-post-featured-image/src --output-path=./includes/core-post-featured-image/build

assets by status 9.02 KiB [emitted]
  assets by chunk 4.68 KiB (name: index)
    asset index.js 4.46 KiB [emitted] [minimized] (name: index)
    asset index.asset.php 220 bytes [emitted] [compared for emit] (name: index)
  assets by path ./*.css 4.35 KiB
    asset ./style-index-rtl.css 2.19 KiB [emitted] (name: ./style-index) (id hint: style)
    asset ./style-index.css 2.16 KiB [emitted] (name: ./style-index) (id hint: style)
assets by path *.css 1.19 KiB
  asset index-rtl.css 610 bytes [compared for emit] (name: index)
  asset index.css 610 bytes [compared for emit] (name: index)
asset block.json 360 bytes [compared for emit] [from: includes/core-post-featured-image/src/block.json] [copied]
Entrypoint index 10.2 KiB = 6 assets
orphan modules 10.8 KiB (javascript) 1.83 KiB (runtime) [orphan] 24 modules
runtime modules 3.07 KiB 5 modules
built modules 6.68 KiB (javascript) 2.76 KiB (css/mini-extract) [built]
  ./includes/core-post-featured-image/src/index.js + 10 modules 6.68 KiB [not cacheable] [built] [code generated]
  css ../../node_modules/css-loader/dist/cjs.js??ruleSet[1].rules[3].use[1]!../../node_modules/postcss-loader/dist/cjs.js??ruleSet[1].rules[3].use[2]!../../node_modules/sass-loader/dist/cjs.js??ruleSet[1].rules[3].use[3]!./includes/core-post-featured-image/src/style.scss 2.16 KiB [built] [code generated]
  css ../../node_modules/css-loader/dist/cjs.js??ruleSet[1].rules[3].use[1]!../../node_modules/postcss-loader/dist/cjs.js??ruleSet[1].rules[3].use[2]!../../node_modules/sass-loader/dist/cjs.js??ruleSet[1].rules[3].use[3]!./includes/core-post-featured-image/src/editor.scss 609 bytes [built] [code generated]
webpack 5.106.2 compiled successfully in 2225 ms
