
> @pewresearch/art-direction-core-post-featured-image@1.0.0 build
> wp-scripts build src/index.js

assets by chunk 5.93 KiB (name: index)
  assets by path *.css 1.19 KiB
    asset index-rtl.css 610 bytes [emitted] (name: index)
    asset index.css 610 bytes [emitted] (name: index)
  asset index.js 4.53 KiB [emitted] [minimized] (name: index)
  asset index.asset.php 220 bytes [emitted] (name: index)
assets by path ./*.css 4.35 KiB
  asset ./style-index-rtl.css 2.19 KiB [emitted] (name: ./style-index) (id hint: style)
  asset ./style-index.css 2.16 KiB [emitted] (name: ./style-index) (id hint: style)
asset block.json 360 bytes [emitted] [from: src/block.json] [copied]
Entrypoint index 10.3 KiB = 6 assets
orphan modules 10.8 KiB (javascript) 1.83 KiB (runtime) [orphan] 24 modules
runtime modules 3.13 KiB 5 modules
built modules 6.68 KiB (javascript) 2.76 KiB (css/mini-extract) [built]
  ./src/index.js + 10 modules 6.68 KiB [not cacheable] [built] [code generated]
  css ../../../../node_modules/css-loader/dist/cjs.js??ruleSet[1].rules[3].use[1]!../../../../node_modules/postcss-loader/dist/cjs.js??ruleSet[1].rules[3].use[2]!../../../../node_modules/sass-loader/dist/cjs.js??ruleSet[1].rules[3].use[3]!./src/style.scss 2.16 KiB [built] [code generated]
  css ../../../../node_modules/css-loader/dist/cjs.js??ruleSet[1].rules[3].use[1]!../../../../node_modules/postcss-loader/dist/cjs.js??ruleSet[1].rules[3].use[2]!../../../../node_modules/sass-loader/dist/cjs.js??ruleSet[1].rules[3].use[3]!./src/editor.scss 609 bytes [built] [code generated]
webpack 5.106.2 compiled successfully in 2949 ms
